// Jest Snapshot v1, https://goo.gl/fbAQLP

exports[`Banner renders the Banner component correctly 1`] = `
<div>
  <div
    class="banner-container"
    data-testid="banner-container"
  >
    <audio
      controls=""
      controlslist="nodownload noplaybackrate"
      src="mock/audio/path.mp3"
    />
    <h2
      class="banner-text"
    >
      Banner Text
    </h2>
    <div
      class="banner-buttons"
    >
      <button
        class="banner-button"
      >
        <div
          class="logo gatsby-image-wrapper"
          style="position: relative; overflow: hidden;"
        >
          <div
            aria-hidden="true"
            style="width: 100%;"
          />
          <picture>
            <img
              alt="Test Alt Text"
              loading="lazy"
              style="position: absolute; top: 0px; left: 0px; width: 100%; height: 100%; object-fit: cover; object-position: center; opacity: 0; transition: opacity 500ms;"
            />
          </picture>
          <noscript>
            &lt;picture&gt;&lt;source srcset="undefined" /&gt;&lt;img loading="lazy" src="" alt="Test Alt Text" style="position:absolute;top:0;left:0;opacity:1;width:100%;height:100%;object-fit:cover;object-position:center"/&gt;&lt;/picture&gt;
          </noscript>
        </div>
        <p
          class="banner-button-text"
        >
          Button Name
        </p>
      </button>
    </div>
  </div>
</div>
`;
