// Jest Snapshot v1, https://goo.gl/fbAQLP

exports[`Intro renders the Intro component correctly 1`] = `
<div>
  <div
    class="intro-container"
    data-testid="intro-container"
    id="introduction"
  >
    <h2>
      Test Title
       - 
      <span
        class="intro-subtitle"
      >
        Test Subtitle
      </span>
    </h2>
    <div
      class="intro-content"
    >
      <div
        class="image gatsby-image-wrapper"
        style="position: relative; overflow: hidden;"
      >
        <div
          aria-hidden="true"
          style="width: 100%;"
        />
        <picture>
          <img
            alt="Test Alt Text"
            loading="lazy"
            style="position: absolute; top: 0px; left: 0px; width: 100%; height: 100%; object-fit: cover; object-position: center; opacity: 0; transition: opacity 500ms;"
          />
        </picture>
        <noscript>
          &lt;picture&gt;&lt;source srcset="undefined" /&gt;&lt;img loading="lazy" src="" alt="Test Alt Text" style="position:absolute;top:0;left:0;opacity:1;width:100%;height:100%;object-fit:cover;object-position:center"/&gt;&lt;/picture&gt;
        </noscript>
      </div>
      <div>
        <p
          class="description"
        >
          Test Description Title
        </p>
        <p
          class="description"
        >
          Test Description Body
        </p>
        <p
          class="description"
        >
          Test Description Footer
        </p>
      </div>
    </div>
    <div
      class="lines"
    >
      <p
        class="line"
      />
      <p
        class="line"
      />
      <p
        class="line"
      />
      <p
        class="line"
      />
      <p
        class="line"
      />
    </div>
  </div>
</div>
`;
